// Jest Snapshot v1, https://goo.gl/fbAQLP

exports[`<ListCard> spec render a artist list component 1`] = `
{
  "asFragment": [Function],
  "baseElement": <body>
    <div>
      <div
        class="border p-2 flex mb-2"
      >
        <div
          class="mr-2"
        >
          <img
            alt="Taylor Swift"
            class="w-12 h-12"
            data-nimg="1"
            decoding="async"
            height="500"
            loading="lazy"
            src="/_next/image?url=https%3A%2F%2Flastfm.freetls.fastly.net%2Fi%2Fu%2F64s%2F2a96cbd8b46e442fc41c2b86b821562f.png&w=1080&q=75"
            srcset="/_next/image?url=https%3A%2F%2Flastfm.freetls.fastly.net%2Fi%2Fu%2F64s%2F2a96cbd8b46e442fc41c2b86b821562f.png&w=640&q=75 1x, /_next/image?url=https%3A%2F%2Flastfm.freetls.fastly.net%2Fi%2Fu%2F64s%2F2a96cbd8b46e442fc41c2b86b821562f.png&w=1080&q=75 2x"
            style="color: transparent;"
            width="500"
          />
        </div>
        <div
          class="flex justify-between text-sm flex-1"
        >
          <div
            class="mr-2"
          >
            <h3>
              Taylor Swift
            </h3>
            <h4
              class="font-bold"
            >
              Love Story
            </h4>
          </div>
          <div
            class="flex flex-col justify-center text-xs"
          >
            <p>
              947798
               listeners
            </p>
            <p>
              8215136
               play
            </p>
          </div>
        </div>
      </div>
    </div>
  </body>,
  "container": <div>
    <div
      class="border p-2 flex mb-2"
    >
      <div
        class="mr-2"
      >
        <img
          alt="Taylor Swift"
          class="w-12 h-12"
          data-nimg="1"
          decoding="async"
          height="500"
          loading="lazy"
          src="/_next/image?url=https%3A%2F%2Flastfm.freetls.fastly.net%2Fi%2Fu%2F64s%2F2a96cbd8b46e442fc41c2b86b821562f.png&w=1080&q=75"
          srcset="/_next/image?url=https%3A%2F%2Flastfm.freetls.fastly.net%2Fi%2Fu%2F64s%2F2a96cbd8b46e442fc41c2b86b821562f.png&w=640&q=75 1x, /_next/image?url=https%3A%2F%2Flastfm.freetls.fastly.net%2Fi%2Fu%2F64s%2F2a96cbd8b46e442fc41c2b86b821562f.png&w=1080&q=75 2x"
          style="color: transparent;"
          width="500"
        />
      </div>
      <div
        class="flex justify-between text-sm flex-1"
      >
        <div
          class="mr-2"
        >
          <h3>
            Taylor Swift
          </h3>
          <h4
            class="font-bold"
          >
            Love Story
          </h4>
        </div>
        <div
          class="flex flex-col justify-center text-xs"
        >
          <p>
            947798
             listeners
          </p>
          <p>
            8215136
             play
          </p>
        </div>
      </div>
    </div>
  </div>,
  "debug": [Function],
  "findAllByAltText": [Function],
  "findAllByDisplayValue": [Function],
  "findAllByLabelText": [Function],
  "findAllByPlaceholderText": [Function],
  "findAllByRole": [Function],
  "findAllByTestId": [Function],
  "findAllByText": [Function],
  "findAllByTitle": [Function],
  "findByAltText": [Function],
  "findByDisplayValue": [Function],
  "findByLabelText": [Function],
  "findByPlaceholderText": [Function],
  "findByRole": [Function],
  "findByTestId": [Function],
  "findByText": [Function],
  "findByTitle": [Function],
  "getAllByAltText": [Function],
  "getAllByDisplayValue": [Function],
  "getAllByLabelText": [Function],
  "getAllByPlaceholderText": [Function],
  "getAllByRole": [Function],
  "getAllByTestId": [Function],
  "getAllByText": [Function],
  "getAllByTitle": [Function],
  "getByAltText": [Function],
  "getByDisplayValue": [Function],
  "getByLabelText": [Function],
  "getByPlaceholderText": [Function],
  "getByRole": [Function],
  "getByTestId": [Function],
  "getByText": [Function],
  "getByTitle": [Function],
  "queryAllByAltText": [Function],
  "queryAllByDisplayValue": [Function],
  "queryAllByLabelText": [Function],
  "queryAllByPlaceholderText": [Function],
  "queryAllByRole": [Function],
  "queryAllByTestId": [Function],
  "queryAllByText": [Function],
  "queryAllByTitle": [Function],
  "queryByAltText": [Function],
  "queryByDisplayValue": [Function],
  "queryByLabelText": [Function],
  "queryByPlaceholderText": [Function],
  "queryByRole": [Function],
  "queryByTestId": [Function],
  "queryByText": [Function],
  "queryByTitle": [Function],
  "rerender": [Function],
  "unmount": [Function],
}
`;
